[INFO] Scanning for projects...
[INFO] 
[INFO] ---------------< co.edu.uniremington.ladeuth:prueba_api >---------------
[INFO] Building prueba_api 0.0.1-SNAPSHOT
[INFO]   from pom.xml
[INFO] --------------------------------[ jar ]---------------------------------
[INFO] 
[INFO] >>> spring-boot:3.3.5:run (default-cli) > test-compile @ prueba_api >>>
[INFO] 
[INFO] --- resources:3.3.1:resources (default-resources) @ prueba_api ---
[INFO] Copying 1 resource from src\main\resources to target\classes
[INFO] Copying 0 resource from src\main\resources to target\classes
[INFO] 
[INFO] --- compiler:3.13.0:compile (default-compile) @ prueba_api ---
[INFO] Nothing to compile - all classes are up to date.
[INFO] 
[INFO] --- resources:3.3.1:testResources (default-testResources) @ prueba_api ---
[INFO] skip non existing resourceDirectory C:\Users\USUARIO\OneDrive\Proyects\api perro nuevo\api-paternina\prueba_api\src\test\resources
[INFO] 
[INFO] --- compiler:3.13.0:testCompile (default-testCompile) @ prueba_api ---
[INFO] Nothing to compile - all classes are up to date.
[INFO] 
[INFO] <<< spring-boot:3.3.5:run (default-cli) < test-compile @ prueba_api <<<
[INFO] 
[INFO] 
[INFO] --- spring-boot:3.3.5:run (default-cli) @ prueba_api ---
[INFO] Attaching agents: []

  .   ____          _            __ _ _
 /\\ / ___'_ __ _ _(_)_ __  __ _ \ \ \ \
( ( )\___ | '_ | '_| | '_ \/ _` | \ \ \ \
 \\/  ___)| |_)| | | | | || (_| |  ) ) ) )
  '  |____| .__|_| |_|_| |_\__, | / / / /
 =========|_|==============|___/=/_/_/_/

 :: Spring Boot ::                (v3.3.5)

2026-08-05T14:43:44.753-05:00  INFO 22132 --- [prueba_api] [  restartedMain] c.e.u.l.prueba_api.PruebaApiApplication  : Starting PruebaApiApplication using Java 23.0.2 with PID 22132 (C:\Users\USUARIO\OneDrive\Proyects\api perro nuevo\api-paternina\prueba_api\target\classes started by USUARIO in C:\Users\USUARIO\OneDrive\Proyects\api perro nuevo\api-paternina\prueba_api)
2026-08-05T14:43:44.758-05:00  INFO 22132 --- [prueba_api] [  restartedMain] c.e.u.l.prueba_api.PruebaApiApplication  : No active profile set, falling back to 1 default profile: "default"
2026-08-05T14:43:44.826-05:00  INFO 22132 --- [prueba_api] [  restartedMain] .e.DevToolsPropertyDefaultsPostProcessor : Devtools property defaults active! Set 'spring.devtools.add-properties' to 'false' to disable
2026-08-05T14:43:44.827-05:00  INFO 22132 --- [prueba_api] [  restartedMain] .e.DevToolsPropertyDefaultsPostProcessor : For additional web related logging consider setting the 'logging.level.web' property to 'DEBUG'
2026-08-05T14:43:45.675-05:00  INFO 22132 --- [prueba_api] [  restartedMain] .s.d.r.c.RepositoryConfigurationDelegate : Bootstrapping Spring Data JPA repositories in DEFAULT mode.
2026-08-05T14:43:45.737-05:00  INFO 22132 --- [prueba_api] [  restartedMain] .s.d.r.c.RepositoryConfigurationDelegate : Finished Spring Data repository scanning in 56 ms. Found 2 JPA repository interfaces.
2026-08-05T14:43:46.291-05:00  INFO 22132 --- [prueba_api] [  restartedMain] o.s.b.w.embedded.tomcat.TomcatWebServer  : Tomcat initialized with port 8081 (http)
2026-08-05T14:43:46.308-05:00  INFO 22132 --- [prueba_api] [  restartedMain] o.apache.catalina.core.StandardService   : Starting service [Tomcat]
2026-08-05T14:43:46.308-05:00  INFO 22132 --- [prueba_api] [  restartedMain] o.apache.catalina.core.StandardEngine    : Starting Servlet engine: [Apache Tomcat/10.1.31]
2026-08-05T14:43:46.356-05:00  INFO 22132 --- [prueba_api] [  restartedMain] o.a.c.c.C.[Tomcat].[localhost].[/]       : Initializing Spring embedded WebApplicationContext
2026-08-05T14:43:46.357-05:00  INFO 22132 --- [prueba_api] [  restartedMain] w.s.c.ServletWebServerApplicationContext : Root WebApplicationContext: initialization completed in 1529 ms
2026-08-05T14:43:46.383-05:00  INFO 22132 --- [prueba_api] [  restartedMain] com.zaxxer.hikari.HikariDataSource       : HikariPool-1 - Starting...
2026-08-05T14:43:47.630-05:00  INFO 22132 --- [prueba_api] [  restartedMain] com.zaxxer.hikari.pool.HikariPool        : HikariPool-1 - Added connection org.postgresql.jdbc.PgConnection@3636b3ac
2026-08-05T14:43:47.633-05:00  INFO 22132 --- [prueba_api] [  restartedMain] com.zaxxer.hikari.HikariDataSource       : HikariPool-1 - Start completed.
2026-08-05T14:43:47.647-05:00  INFO 22132 --- [prueba_api] [  restartedMain] o.s.b.a.h2.H2ConsoleAutoConfiguration    : H2 console available at '/h2-console'. Database available at 'jdbc:postgresql://ep-square-dream-ax1lux4e-pooler.c-4.us-east-2.aws.neon.tech/neondb?sslmode=require'
2026-08-05T14:43:47.759-05:00  INFO 22132 --- [prueba_api] [  restartedMain] o.hibernate.jpa.internal.util.LogHelper  : HHH000204: Processing PersistenceUnitInfo [name: default]
2026-08-05T14:43:47.813-05:00  INFO 22132 --- [prueba_api] [  restartedMain] org.hibernate.Version                    : HHH000412: Hibernate ORM core version 6.5.3.Final
2026-08-05T14:43:47.844-05:00  INFO 22132 --- [prueba_api] [  restartedMain] o.h.c.internal.RegionFactoryInitiator    : HHH000026: Second-level cache disabled
2026-08-05T14:43:48.111-05:00  INFO 22132 --- [prueba_api] [  restartedMain] o.s.o.j.p.SpringPersistenceUnitInfo      : No LoadTimeWeaver setup: ignoring JPA class transformer
2026-08-05T14:43:48.282-05:00  WARN 22132 --- [prueba_api] [  restartedMain] org.hibernate.orm.deprecation            : HHH90000025: PostgreSQLDialect does not need to be specified explicitly using 'hibernate.dialect' (remove the property setting and it will be selected by default)
2026-08-05T14:43:49.396-05:00  INFO 22132 --- [prueba_api] [  restartedMain] o.h.e.t.j.p.i.JtaPlatformInitiator       : HHH000489: No JTA platform available (set 'hibernate.transaction.jta.platform' to enable JTA platform integration)
2026-08-05T14:43:50.161-05:00  INFO 22132 --- [prueba_api] [  restartedMain] j.LocalContainerEntityManagerFactoryBean : Initialized JPA EntityManagerFactory for persistence unit 'default'
2026-08-05T14:43:50.452-05:00  INFO 22132 --- [prueba_api] [  restartedMain] o.s.d.j.r.query.QueryEnhancerFactory     : Hibernate is in classpath; If applicable, HQL parser will be used.
2026-08-05T14:43:51.327-05:00  INFO 22132 --- [prueba_api] [  restartedMain] o.s.b.d.a.OptionalLiveReloadServer       : LiveReload server is running on port 35729
2026-08-05T14:43:51.358-05:00  INFO 22132 --- [prueba_api] [  restartedMain] o.s.b.w.embedded.tomcat.TomcatWebServer  : Tomcat started on port 8081 (http) with context path '/'
2026-08-05T14:43:51.365-05:00  INFO 22132 --- [prueba_api] [  restartedMain] c.e.u.l.prueba_api.PruebaApiApplication  : Started PruebaApiApplication in 7.065 seconds (process running for 7.487)
2026-08-05T14:44:15.337-05:00  INFO 22132 --- [prueba_api] [nio-8081-exec-1] o.a.c.c.C.[Tomcat].[localhost].[/]       : Initializing Spring DispatcherServlet 'dispatcherServlet'
2026-08-05T14:44:15.338-05:00  INFO 22132 --- [prueba_api] [nio-8081-exec-1] o.s.web.servlet.DispatcherServlet        : Initializing Servlet 'dispatcherServlet'
2026-08-05T14:44:15.338-05:00  INFO 22132 --- [prueba_api] [nio-8081-exec-1] o.s.web.servlet.DispatcherServlet        : Completed initialization in 0 ms
Hibernate: 
    select
        p1_0.id,
        p1_0.codigo_interno,
        p1_0.disponible,
        p1_0.edad,
        p1_0.nombre 
    from
        perros p1_0
Hibernate: 
    select
        f1_0.id,
        f1_0.altura,
        f1_0.colores,
        f1_0.esperanza_de_vida,
        f1_0.fecha_nacimiento,
        f1_0.pelaje,
        f1_0.perro_id,
        f1_0.peso,
        f1_0.raza 
    from
        ficha f1_0 
    where
        f1_0.perro_id=?
